[     469ms] [VERBOSE] [DOM] Password field is not contained in a form: (More info: https://goo.gl/9p2vKq) %o @ http://localhost:5173/:0
[     544ms] [ERROR] Failed to load resource: the server responded with a status of 404 (Not Found) @ http://localhost:5173/favicon.ico:0
[  116409ms] SyntaxError: Failed to execute 'querySelector' on 'Element': '#fm-,' is not a valid selector.
    at MetricsPanel.updateFingerMap (http://localhost:5173/src/components/MetricsPanel.js:224:35)
    at App.handleKeyUp (http://localhost:5173/src/app/App.js:240:25)
[  118369ms] SyntaxError: Failed to execute 'querySelector' on 'Element': '#fm-'' is not a valid selector.
    at MetricsPanel.updateFingerMap (http://localhost:5173/src/components/MetricsPanel.js:224:35)
    at App.handleKeyUp (http://localhost:5173/src/app/App.js:240:25)
[  119440ms] SyntaxError: Failed to execute 'querySelector' on 'Element': '#fm-.' is not a valid selector.
    at MetricsPanel.updateFingerMap (http://localhost:5173/src/components/MetricsPanel.js:224:35)
    at App.handleKeyUp (http://localhost:5173/src/app/App.js:240:25)
[  121974ms] SyntaxError: Failed to execute 'querySelector' on 'Element': '#fm-'' is not a valid selector.
    at MetricsPanel.updateFingerMap (http://localhost:5173/src/components/MetricsPanel.js:224:35)
    at App.handleKeyUp (http://localhost:5173/src/app/App.js:240:25)
[  128891ms] [VERBOSE] [DOM] Password field is not contained in a form: (More info: https://goo.gl/9p2vKq) %o @ http://localhost:5173/:0
[  136642ms] [VERBOSE] [DOM] Password field is not contained in a form: (More info: https://goo.gl/9p2vKq) %o @ http://localhost:5173/:0
[  145017ms] TypeError: Cannot read properties of null (reading 'getContext')
    at new ParticleSystem (http://localhost:5173/src/app/particles.js:4:23)
    at App.mount (http://localhost:5173/src/app/App.js?t=1775865989936:116:22)
    at http://localhost:5173/src/main.js:18:5
[  145006ms] [VERBOSE] [DOM] Password field is not contained in a form: (More info: https://goo.gl/9p2vKq) %o @ http://localhost:5173/:0
[  163888ms] TypeError: Cannot read properties of null (reading 'getContext')
    at new ParticleSystem (http://localhost:5173/src/app/particles.js:4:23)
    at App.mount (http://localhost:5173/src/app/App.js?t=1775866008619:116:22)
    at http://localhost:5173/src/main.js:18:5
[  163839ms] [VERBOSE] [DOM] Password field is not contained in a form: (More info: https://goo.gl/9p2vKq) %o @ http://localhost:5173/:0
[  173512ms] TypeError: Cannot read properties of null (reading 'getContext')
    at new ParticleSystem (http://localhost:5173/src/app/particles.js:4:23)
    at App.mount (http://localhost:5173/src/app/App.js?t=1775866018411:116:22)
    at http://localhost:5173/src/main.js:18:5
[  173503ms] [VERBOSE] [DOM] Password field is not contained in a form: (More info: https://goo.gl/9p2vKq) %o @ http://localhost:5173/:0
